Building for debugging...
[0/3] Write sources
[1/3] Write swift-version--58304C5D6DBC2206.txt
[3/5] Compiling Segment_Tests Analytics_Tests.swift
[4/5] Emitting module Segment_Tests
[4/6] Write Objects.LinkFileList
[5/6] Linking SegmentPackageTests
Build complete! (2.59s)
Test Suite 'All tests' started at 2026-03-04 10:20:17.135.
Test Suite 'SegmentPackageTests.xctest' started at 2026-03-04 10:20:17.138.
Test Suite 'Analytics_Tests' started at 2026-03-04 10:20:17.138.
Test Case '-[Segment_Tests.Analytics_Tests testAnonIDGenerator]' started.
Test Case '-[Segment_Tests.Analytics_Tests testAnonIDGenerator]' passed (0.096 seconds).
Test Case '-[Segment_Tests.Analytics_Tests testAnonymousId]' started.
Test Case '-[Segment_Tests.Analytics_Tests testAnonymousId]' passed (0.002 seconds).
Test Case '-[Segment_Tests.Analytics_Tests testAsyncOperatingMode]' started.
Test Case '-[Segment_Tests.Analytics_Tests testAsyncOperatingMode]' passed (0.403 seconds).
Test Case '-[Segment_Tests.Analytics_Tests testBaseEventCreation]' started.
Test Case '-[Segment_Tests.Analytics_Tests testBaseEventCreation]' passed (0.003 seconds).
Test Case '-[Segment_Tests.Analytics_Tests testContext]' started.
Test Case '-[Segment_Tests.Analytics_Tests testContext]' passed (0.003 seconds).
Test Case '-[Segment_Tests.Analytics_Tests testContextWithUserAgent]' started.
Test Case '-[Segment_Tests.Analytics_Tests testContextWithUserAgent]' passed (0.003 seconds).
Test Case '-[Segment_Tests.Analytics_Tests testDestinationEnabled]' started.
Test Case '-[Segment_Tests.Analytics_Tests testDestinationEnabled]' passed (0.002 seconds).
Test Case '-[Segment_Tests.Analytics_Tests testDestinationInitialUpdateOnlyOnce]' started.
Test Case '-[Segment_Tests.Analytics_Tests testDestinationInitialUpdateOnlyOnce]' passed (0.002 seconds).
Test Case '-[Segment_Tests.Analytics_Tests testDestinationMetadata]' started.
Test Case '-[Segment_Tests.Analytics_Tests testDestinationMetadata]' passed (0.002 seconds).
Test Case '-[Segment_Tests.Analytics_Tests testDestinationMetadataUnbundled]' started.
Test Case '-[Segment_Tests.Analytics_Tests testDestinationMetadataUnbundled]' passed (0.002 seconds).
Test Case '-[Segment_Tests.Analytics_Tests testDeviceToken]' started.
Test Case '-[Segment_Tests.Analytics_Tests testDeviceToken]' passed (0.002 seconds).
Test Case '-[Segment_Tests.Analytics_Tests testEnabled]' started.
Test Case '-[Segment_Tests.Analytics_Tests testEnabled]' passed (0.002 seconds).
Test Case '-[Segment_Tests.Analytics_Tests testEnrichment]' started.
Test Case '-[Segment_Tests.Analytics_Tests testEnrichment]' passed (5.011 seconds).
Test Case '-[Segment_Tests.Analytics_Tests testFailedSegmentResponse]' started.
Test Case '-[Segment_Tests.Analytics_Tests testFailedSegmentResponse]' passed (0.018 seconds).
Test Case '-[Segment_Tests.Analytics_Tests testFindAll]' started.
Test Case '-[Segment_Tests.Analytics_Tests testFindAll]' passed (0.003 seconds).
Test Case '-[Segment_Tests.Analytics_Tests testFlush]' started.
/Users/digarcia/dev/segmentio/analytics-swift/Tests/Segment-Tests/Analytics_Tests.swift:498: error: -[Segment_Tests.Analytics_Tests testFlush] : XCTAssertTrue failed - New Count (1) should be 1 + 1
Test Case '-[Segment_Tests.Analytics_Tests testFlush]' failed (0.503 seconds).
Test Case '-[Segment_Tests.Analytics_Tests testGroup]' started.
Test Case '-[Segment_Tests.Analytics_Tests testGroup]' passed (0.002 seconds).
Test Case '-[Segment_Tests.Analytics_Tests testIdentify]' started.
Test Case '-[Segment_Tests.Analytics_Tests testIdentify]' passed (0.002 seconds).
Test Case '-[Segment_Tests.Analytics_Tests testJSONNaNDefaultHandlingZero]' started.
Test Case '-[Segment_Tests.Analytics_Tests testJSONNaNDefaultHandlingZero]' passed (0.001 seconds).
Test Case '-[Segment_Tests.Analytics_Tests testJSONNaNHandlingNull]' started.
Test Case '-[Segment_Tests.Analytics_Tests testJSONNaNHandlingNull]' passed (0.001 seconds).
Test Case '-[Segment_Tests.Analytics_Tests testMultipleUserInfoSubscriptions]' started.
Test Case '-[Segment_Tests.Analytics_Tests testMultipleUserInfoSubscriptions]' passed (0.002 seconds).
Test Case '-[Segment_Tests.Analytics_Tests testOpenURL]' started.
Test Case '-[Segment_Tests.Analytics_Tests testOpenURL]' passed (0.002 seconds).
Test Case '-[Segment_Tests.Analytics_Tests testPluginConfigure]' started.
Test Case '-[Segment_Tests.Analytics_Tests testPluginConfigure]' passed (0.001 seconds).
Test Case '-[Segment_Tests.Analytics_Tests testPluginRemove]' started.
Test Case '-[Segment_Tests.Analytics_Tests testPluginRemove]' passed (0.001 seconds).
Test Case '-[Segment_Tests.Analytics_Tests testPurgeStorage]' started.
Test Case '-[Segment_Tests.Analytics_Tests testPurgeStorage]' passed (0.552 seconds).
Test Case '-[Segment_Tests.Analytics_Tests testRequestFactory]' started.
Test Case '-[Segment_Tests.Analytics_Tests testRequestFactory]' passed (5.014 seconds).
Test Case '-[Segment_Tests.Analytics_Tests testReset]' started.
Test Case '-[Segment_Tests.Analytics_Tests testReset]' passed (0.004 seconds).
Test Case '-[Segment_Tests.Analytics_Tests testScreen]' started.
Test Case '-[Segment_Tests.Analytics_Tests testScreen]' passed (0.003 seconds).
Test Case '-[Segment_Tests.Analytics_Tests testSetFlushAtAfter]' started.
Test Case '-[Segment_Tests.Analytics_Tests testSetFlushAtAfter]' passed (0.007 seconds).
Test Case '-[Segment_Tests.Analytics_Tests testSetFlushIntervalAfter]' started.
Test Case '-[Segment_Tests.Analytics_Tests testSetFlushIntervalAfter]' passed (0.002 seconds).
Test Case '-[Segment_Tests.Analytics_Tests testSharedInstance]' started.
Test Case '-[Segment_Tests.Analytics_Tests testSharedInstance]' passed (0.007 seconds).
Test Case '-[Segment_Tests.Analytics_Tests testSingularEnrichment]' started.
Test Case '-[Segment_Tests.Analytics_Tests testSingularEnrichment]' passed (0.004 seconds).
Test Case '-[Segment_Tests.Analytics_Tests testSyncOperatingMode]' started.
Test Case '-[Segment_Tests.Analytics_Tests testSyncOperatingMode]' passed (0.606 seconds).
Test Case '-[Segment_Tests.Analytics_Tests testTrack]' started.
Test Case '-[Segment_Tests.Analytics_Tests testTrack]' passed (0.004 seconds).
Test Case '-[Segment_Tests.Analytics_Tests testUnsubscribeWithInvalidId]' started.
Test Case '-[Segment_Tests.Analytics_Tests testUnsubscribeWithInvalidId]' passed (0.005 seconds).
Test Case '-[Segment_Tests.Analytics_Tests testUserIdAndTraitsPersistCorrectly]' started.
Test Case '-[Segment_Tests.Analytics_Tests testUserIdAndTraitsPersistCorrectly]' passed (0.004 seconds).
Test Case '-[Segment_Tests.Analytics_Tests testUserInfoSubscription]' started.
Test Case '-[Segment_Tests.Analytics_Tests testUserInfoSubscription]' passed (1.011 seconds).
Test Case '-[Segment_Tests.Analytics_Tests testUserInfoSubscriptionCalledOnMainQueue]' started.
Test Case '-[Segment_Tests.Analytics_Tests testUserInfoSubscriptionCalledOnMainQueue]' passed (0.005 seconds).
Test Case '-[Segment_Tests.Analytics_Tests testUserInfoSubscriptionWithReferrer]' started.
Test Case '-[Segment_Tests.Analytics_Tests testUserInfoSubscriptionWithReferrer]' passed (0.004 seconds).
Test Case '-[Segment_Tests.Analytics_Tests testUserInfoSubscriptionWithReset]' started.
Test Case '-[Segment_Tests.Analytics_Tests testUserInfoSubscriptionWithReset]' passed (0.005 seconds).
Test Case '-[Segment_Tests.Analytics_Tests testVersion]' started.
Test Case '-[Segment_Tests.Analytics_Tests testVersion]' passed (0.003 seconds).
Test Suite 'Analytics_Tests' failed at 2026-03-04 10:20:30.450.
	 Executed 41 tests, with 1 failure (0 unexpected) in 13.310 (13.312) seconds
Test Suite 'Atomic_Tests' started at 2026-03-04 10:20:30.450.
Test Case '-[Segment_Tests.Atomic_Tests testAtomicIncrement]' started.
Test Case '-[Segment_Tests.Atomic_Tests testAtomicIncrement]' passed (0.001 seconds).
Test Suite 'Atomic_Tests' passed at 2026-03-04 10:20:30.451.
	 Executed 1 test, with 0 failures (0 unexpected) in 0.001 (0.001) seconds
Test Suite 'FlushPolicyTests' started at 2026-03-04 10:20:30.451.
Test Case '-[Segment_Tests.FlushPolicyTests testAddFlushPolicy]' started.
Test Case '-[Segment_Tests.FlushPolicyTests testAddFlushPolicy]' passed (0.003 seconds).
Test Case '-[Segment_Tests.FlushPolicyTests testCountBasedFlushPolicy]' started.
Test Case '-[Segment_Tests.FlushPolicyTests testCountBasedFlushPolicy]' passed (0.003 seconds).
Test Case '-[Segment_Tests.FlushPolicyTests testFindFlushPolicy]' started.
Test Case '-[Segment_Tests.FlushPolicyTests testFindFlushPolicy]' passed (0.002 seconds).
Test Case '-[Segment_Tests.FlushPolicyTests testIntervalBasedFlushPolicy]' started.
Test Case '-[Segment_Tests.FlushPolicyTests testIntervalBasedFlushPolicy]' passed (0.007 seconds).
Test Case '-[Segment_Tests.FlushPolicyTests testRemoveAllFlushPolicies]' started.
Test Case '-[Segment_Tests.FlushPolicyTests testRemoveAllFlushPolicies]' passed (0.001 seconds).
Test Case '-[Segment_Tests.FlushPolicyTests testRemoveFlushPolicy]' started.
Test Case '-[Segment_Tests.FlushPolicyTests testRemoveFlushPolicy]' passed (0.001 seconds).
Test Suite 'FlushPolicyTests' passed at 2026-03-04 10:20:30.469.
	 Executed 6 tests, with 0 failures (0 unexpected) in 0.018 (0.018) seconds
Test Suite 'HTTPClientTests' started at 2026-03-04 10:20:30.469.
Test Case '-[Segment_Tests.HTTPClientTests testCustomHTTPSessionUpload]' started.
Test Case '-[Segment_Tests.HTTPClientTests testCustomHTTPSessionUpload]' passed (0.007 seconds).
Test Case '-[Segment_Tests.HTTPClientTests testDefaultHTTPSessionUpload]' started.
Test Case '-[Segment_Tests.HTTPClientTests testDefaultHTTPSessionUpload]' passed (0.013 seconds).
Test Suite 'HTTPClientTests' passed at 2026-03-04 10:20:30.489.
	 Executed 2 tests, with 0 failures (0 unexpected) in 0.020 (0.020) seconds
Test Suite 'JSONTests' started at 2026-03-04 10:20:30.489.
Test Case '-[Segment_Tests.JSONTests testAddRemoveValues]' started.
Test Case '-[Segment_Tests.JSONTests testAddRemoveValues]' passed (0.001 seconds).
Test Case '-[Segment_Tests.JSONTests testCodableFetch]' started.
Test Case '-[Segment_Tests.JSONTests testCodableFetch]' passed (0.000 seconds).
Test Case '-[Segment_Tests.JSONTests testJSONBasic]' started.
Test Case '-[Segment_Tests.JSONTests testJSONBasic]' passed (0.000 seconds).
Test Case '-[Segment_Tests.JSONTests testJSONCodableDict]' started.
Test Case '-[Segment_Tests.JSONTests testJSONCodableDict]' passed (0.001 seconds).
Test Case '-[Segment_Tests.JSONTests testJSONCollectionTypes]' started.
Test Case '-[Segment_Tests.JSONTests testJSONCollectionTypes]' passed (0.001 seconds).
Test Case '-[Segment_Tests.JSONTests testJSONDateHandling]' started.
Test Case '-[Segment_Tests.JSONTests testJSONDateHandling]' passed (0.001 seconds).
Test Case '-[Segment_Tests.JSONTests testJSONFromCodable]' started.
Test Case '-[Segment_Tests.JSONTests testJSONFromCodable]' passed (0.000 seconds).
Test Case '-[Segment_Tests.JSONTests testJSONMutation]' started.
Test Case '-[Segment_Tests.JSONTests testJSONMutation]' passed (0.001 seconds).
Test Case '-[Segment_Tests.JSONTests testJSONNaNNull]' started.
Test Case '-[Segment_Tests.JSONTests testJSONNaNNull]' passed (0.000 seconds).
Test Case '-[Segment_Tests.JSONTests testJSONNaNZero]' started.
Test Case '-[Segment_Tests.JSONTests testJSONNaNZero]' passed (0.000 seconds).
Test Case '-[Segment_Tests.JSONTests testJSONNil]' started.
Test Case '-[Segment_Tests.JSONTests testJSONNil]' passed (0.000 seconds).
Test Case '-[Segment_Tests.JSONTests testKeyMapping]' started.
Test Case '-[Segment_Tests.JSONTests testKeyMapping]' passed (0.000 seconds).
Test Case '-[Segment_Tests.JSONTests testKeyMappingWithValueTransform]' started.
Test Case '-[Segment_Tests.JSONTests testKeyMappingWithValueTransform]' passed (0.000 seconds).
Test Case '-[Segment_Tests.JSONTests testTypesFromJSON]' started.
Test Case '-[Segment_Tests.JSONTests testTypesFromJSON]' passed (0.001 seconds).
Test Suite 'JSONTests' passed at 2026-03-04 10:20:30.498.
	 Executed 14 tests, with 0 failures (0 unexpected) in 0.009 (0.009) seconds
Test Suite 'KeyPath_Tests' started at 2026-03-04 10:20:30.498.
Test Case '-[Segment_Tests.KeyPath_Tests testIfBlankThenElseHandler]' started.
Test Case '-[Segment_Tests.KeyPath_Tests testIfBlankThenElseHandler]' passed (0.000 seconds).
Test Case '-[Segment_Tests.KeyPath_Tests testIfExistsThenElseHandler]' started.
Test Case '-[Segment_Tests.KeyPath_Tests testIfExistsThenElseHandler]' passed (0.000 seconds).
Test Case '-[Segment_Tests.KeyPath_Tests testKeyPathBasics]' started.
Test Case '-[Segment_Tests.KeyPath_Tests testKeyPathBasics]' passed (0.000 seconds).
Test Case '-[Segment_Tests.KeyPath_Tests testNilHandling]' started.
Test Case '-[Segment_Tests.KeyPath_Tests testNilHandling]' passed (0.000 seconds).
Test Case '-[Segment_Tests.KeyPath_Tests testPathHandler]' started.
Test Case '-[Segment_Tests.KeyPath_Tests testPathHandler]' passed (0.000 seconds).
Test Suite 'KeyPath_Tests' passed at 2026-03-04 10:20:30.499.
	 Executed 5 tests, with 0 failures (0 unexpected) in 0.001 (0.001) seconds
Test Suite 'MemoryLeak_Tests' started at 2026-03-04 10:20:30.499.
Test Case '-[Segment_Tests.MemoryLeak_Tests testLeaksSimple]' started.
Test Case '-[Segment_Tests.MemoryLeak_Tests testLeaksSimple]' passed (1.006 seconds).
Test Case '-[Segment_Tests.MemoryLeak_Tests testLeaksVerbose]' started.
Test Case '-[Segment_Tests.MemoryLeak_Tests testLeaksVerbose]' passed (2.012 seconds).
Test Suite 'MemoryLeak_Tests' passed at 2026-03-04 10:20:33.517.
	 Executed 2 tests, with 0 failures (0 unexpected) in 3.018 (3.018) seconds
Test Suite 'ObjC_Tests' started at 2026-03-04 10:20:33.517.
Test Case '-[Segment_Tests.ObjC_Tests testNonTrivialAnalytics]' started.
Test Case '-[Segment_Tests.ObjC_Tests testNonTrivialAnalytics]' passed (0.009 seconds).
Test Case '-[Segment_Tests.ObjC_Tests testNonTrivialConfiguration]' started.
Test Case '-[Segment_Tests.ObjC_Tests testNonTrivialConfiguration]' passed (0.001 seconds).
Test Case '-[Segment_Tests.ObjC_Tests testObjCDictionaryPassThru]' started.
Test Case '-[Segment_Tests.ObjC_Tests testObjCDictionaryPassThru]' passed (0.016 seconds).
Test Case '-[Segment_Tests.ObjC_Tests testObjCMiddlewares]' started.
Test Case '-[Segment_Tests.ObjC_Tests testObjCMiddlewares]' passed (5.010 seconds).
Test Case '-[Segment_Tests.ObjC_Tests testTraitsAndUserIdOptionality]' started.
Test Case '-[Segment_Tests.ObjC_Tests testTraitsAndUserIdOptionality]' passed (0.004 seconds).
Test Case '-[Segment_Tests.ObjC_Tests testWrapping]' started.
Test Case '-[Segment_Tests.ObjC_Tests testWrapping]' passed (0.002 seconds).
Test Suite 'ObjC_Tests' passed at 2026-03-04 10:20:38.559.
	 Executed 6 tests, with 0 failures (0 unexpected) in 5.041 (5.042) seconds
Test Suite 'StorageTests' started at 2026-03-04 10:20:38.559.
Test Case '-[Segment_Tests.StorageTests testBasicWriting]' started.
Test Case '-[Segment_Tests.StorageTests testBasicWriting]' passed (2.008 seconds).
Test Case '-[Segment_Tests.StorageTests testEventWriting]' started.
Test Case '-[Segment_Tests.StorageTests testEventWriting]' passed (0.026 seconds).
Test Case '-[Segment_Tests.StorageTests testFilePrepAndFinish]' started.
Test Case '-[Segment_Tests.StorageTests testFilePrepAndFinish]' passed (0.210 seconds).
Test Case '-[Segment_Tests.StorageTests testMemoryStorageRolloff]' started.
Test Case '-[Segment_Tests.StorageTests testMemoryStorageRolloff]' passed (3.925 seconds).
Test Case '-[Segment_Tests.StorageTests testMemoryStorageSizeLimitsAsync]' started.
Test Case '-[Segment_Tests.StorageTests testMemoryStorageSizeLimitsAsync]' passed (2.483 seconds).
Test Case '-[Segment_Tests.StorageTests testMemoryStorageSizeLimitsSync]' started.
Test Case '-[Segment_Tests.StorageTests testMemoryStorageSizeLimitsSync]' passed (3.367 seconds).
Test Case '-[Segment_Tests.StorageTests testMigrationFromOldLocation]' started.
Test Case '-[Segment_Tests.StorageTests testMigrationFromOldLocation]' passed (0.048 seconds).
Test Case '-[Segment_Tests.StorageTests testSettingsWrite]' started.
Test Case '-[Segment_Tests.StorageTests testSettingsWrite]' passed (0.008 seconds).
Test Suite 'StorageTests' passed at 2026-03-04 10:20:50.635.
	 Executed 8 tests, with 0 failures (0 unexpected) in 12.075 (12.076) seconds
Test Suite 'StressTests' started at 2026-03-04 10:20:50.635.
Test Case '-[Segment_Tests.StressTests testDirectoryStorageStress2]' started.
Test Case '-[Segment_Tests.StressTests testDirectoryStorageStress2]' passed (198.344 seconds).
Test Case '-[Segment_Tests.StressTests testDirectoryStorageStress]' started.
Test Case '-[Segment_Tests.StressTests testDirectoryStorageStress]' passed (18.932 seconds).
Test Case '-[Segment_Tests.StressTests testMemoryStorageStress]' started.
Test Case '-[Segment_Tests.StressTests testMemoryStorageStress]' passed (5.957 seconds).
Test Suite 'StressTests' passed at 2026-03-04 10:24:33.869.
	 Executed 3 tests, with 0 failures (0 unexpected) in 223.234 (223.234) seconds
Test Suite 'TelemetryTests' started at 2026-03-04 10:24:33.869.
Test Case '-[Segment_Tests.TelemetryTests testConcurrentErrorReporting]' started.
Test Case '-[Segment_Tests.TelemetryTests testConcurrentErrorReporting]' passed (0.008 seconds).
Test Case '-[Segment_Tests.TelemetryTests testErrorMethodWithDifferentFlagSettings]' started.
Test Case '-[Segment_Tests.TelemetryTests testErrorMethodWithDifferentFlagSettings]' passed (0.000 seconds).
Test Case '-[Segment_Tests.TelemetryTests testErrorWhenTelemetryIsDisabled]' started.
Test Case '-[Segment_Tests.TelemetryTests testErrorWhenTelemetryIsDisabled]' passed (0.000 seconds).
Test Case '-[Segment_Tests.TelemetryTests testErrorWithNoTags]' started.
Test Case '-[Segment_Tests.TelemetryTests testErrorWithNoTags]' passed (0.000 seconds).
Test Case '-[Segment_Tests.TelemetryTests testFlushWhenTelemetryIsDisabled]' started.
Test Case '-[Segment_Tests.TelemetryTests testFlushWhenTelemetryIsDisabled]' passed (0.000 seconds).
Test Case '-[Segment_Tests.TelemetryTests testFlushWithEmptyQueue]' started.
Test Case '-[Segment_Tests.TelemetryTests testFlushWithEmptyQueue]' passed (0.000 seconds).
Test Case '-[Segment_Tests.TelemetryTests testFlushWorksEvenWhenTelemetryIsNotStarted]' started.
Test Case '-[Segment_Tests.TelemetryTests testFlushWorksEvenWhenTelemetryIsNotStarted]' passed (0.000 seconds).
Test Case '-[Segment_Tests.TelemetryTests testHTTPException]' started.
Test Case '-[Segment_Tests.TelemetryTests testHTTPException]' passed (0.000 seconds).
Test Case '-[Segment_Tests.TelemetryTests testIncrementAndErrorMethodsWhenQueueIsFull]' started.
Test Case '-[Segment_Tests.TelemetryTests testIncrementAndErrorMethodsWhenQueueIsFull]' passed (0.001 seconds).
Test Case '-[Segment_Tests.TelemetryTests testIncrementWhenTelemetryIsDisabled]' started.
Test Case '-[Segment_Tests.TelemetryTests testIncrementWhenTelemetryIsDisabled]' passed (0.000 seconds).
Test Case '-[Segment_Tests.TelemetryTests testIncrementWithNoTags]' started.
Test Case '-[Segment_Tests.TelemetryTests testIncrementWithNoTags]' passed (0.000 seconds).
Test Case '-[Segment_Tests.TelemetryTests testIncrementWithWrongMetric]' started.
Test Case '-[Segment_Tests.TelemetryTests testIncrementWithWrongMetric]' passed (0.000 seconds).
Test Case '-[Segment_Tests.TelemetryTests testRollingUpDuplicateMetrics]' started.
Test Case '-[Segment_Tests.TelemetryTests testRollingUpDuplicateMetrics]' passed (0.000 seconds).
Test Case '-[Segment_Tests.TelemetryTests testTelemetryStart]' started.
Test Case '-[Segment_Tests.TelemetryTests testTelemetryStart]' passed (0.000 seconds).
Test Suite 'TelemetryTests' passed at 2026-03-04 10:24:33.881.
	 Executed 14 tests, with 0 failures (0 unexpected) in 0.011 (0.012) seconds
Test Suite 'Timeline_Tests' started at 2026-03-04 10:24:33.881.
Test Case '-[Segment_Tests.Timeline_Tests testBaseEventCreation]' started.
Test Case '-[Segment_Tests.Timeline_Tests testBaseEventCreation]' passed (0.003 seconds).
Test Case '-[Segment_Tests.Timeline_Tests testTwoBaseEventCreation]' started.
Test Case '-[Segment_Tests.Timeline_Tests testTwoBaseEventCreation]' passed (0.003 seconds).
Test Case '-[Segment_Tests.Timeline_Tests testTwoBaseEventCreationFirstFail]' started.
Test Case '-[Segment_Tests.Timeline_Tests testTwoBaseEventCreationFirstFail]' passed (0.003 seconds).
Test Suite 'Timeline_Tests' passed at 2026-03-04 10:24:33.889.
	 Executed 3 tests, with 0 failures (0 unexpected) in 0.008 (0.009) seconds
Test Suite 'TransientDB_RaceCondition_Tests' started at 2026-03-04 10:24:33.889.
Test Case '-[Segment_Tests.TransientDB_RaceCondition_Tests testAsyncAppendCompletesBeforeFetch]' started.
Test Case '-[Segment_Tests.TransientDB_RaceCondition_Tests testAsyncAppendCompletesBeforeFetch]' passed (0.521 seconds).
Test Case '-[Segment_Tests.TransientDB_RaceCondition_Tests testHighVolumeAsyncAppends]' started.
Test Case '-[Segment_Tests.TransientDB_RaceCondition_Tests testHighVolumeAsyncAppends]' passed (0.531 seconds).
Test Case '-[Segment_Tests.TransientDB_RaceCondition_Tests testSynchronousModeNoRaceCondition]' started.
Test Case '-[Segment_Tests.TransientDB_RaceCondition_Tests testSynchronousModeNoRaceCondition]' passed (0.445 seconds).
Test Suite 'TransientDB_RaceCondition_Tests' passed at 2026-03-04 10:24:35.387.
	 Executed 3 tests, with 0 failures (0 unexpected) in 1.497 (1.497) seconds
Test Suite 'UserAgentTests' started at 2026-03-04 10:24:35.387.
Test Case '-[Segment_Tests.UserAgentTests testUserAgent]' started.
Test Case '-[Segment_Tests.UserAgentTests testUserAgent]' passed (0.000 seconds).
Test Case '-[Segment_Tests.UserAgentTests testUserAgentCaching]' started.
Test Case '-[Segment_Tests.UserAgentTests testUserAgentCaching]' passed (0.000 seconds).
Test Case '-[Segment_Tests.UserAgentTests testUserAgentWithCustomAppName]' started.
Test Case '-[Segment_Tests.UserAgentTests testUserAgentWithCustomAppName]' passed (0.000 seconds).
Test Suite 'UserAgentTests' passed at 2026-03-04 10:24:35.388.
	 Executed 3 tests, with 0 failures (0 unexpected) in 0.001 (0.001) seconds
Test Suite 'Waiting_Tests' started at 2026-03-04 10:24:35.388.
Test Case '-[Segment_Tests.Waiting_Tests testBasicWaitingPlugin]' started.
Test Case '-[Segment_Tests.Waiting_Tests testBasicWaitingPlugin]' passed (1.108 seconds).
Test Case '-[Segment_Tests.Waiting_Tests testDestinationSlowWaitingPlugin]' started.
Test Case '-[Segment_Tests.Waiting_Tests testDestinationSlowWaitingPlugin]' passed (0.165 seconds).
Test Case '-[Segment_Tests.Waiting_Tests testDestinationWaitingPlugin]' started.
Test Case '-[Segment_Tests.Waiting_Tests testDestinationWaitingPlugin]' passed (1.107 seconds).
Test Case '-[Segment_Tests.Waiting_Tests testEventQueueingAndReplay]' started.
Test Case '-[Segment_Tests.Waiting_Tests testEventQueueingAndReplay]' passed (1.109 seconds).
Test Case '-[Segment_Tests.Waiting_Tests testMultipleWaitingPlugins]' started.
Test Case '-[Segment_Tests.Waiting_Tests testMultipleWaitingPlugins]' passed (1.108 seconds).
Test Case '-[Segment_Tests.Waiting_Tests testPauseWhenAlreadyPaused]' started.
Test Case '-[Segment_Tests.Waiting_Tests testPauseWhenAlreadyPaused]' passed (0.312 seconds).
Test Case '-[Segment_Tests.Waiting_Tests testResumeWhenAlreadyRunning]' started.
Test Case '-[Segment_Tests.Waiting_Tests testResumeWhenAlreadyRunning]' passed (1.109 seconds).
Test Case '-[Segment_Tests.Waiting_Tests testTimeoutForceStart]' started.
Test Case '-[Segment_Tests.Waiting_Tests testTimeoutForceStart]' passed (0.208 seconds).
Test Case '-[Segment_Tests.Waiting_Tests testWaitingPluginState]' started.
Test Case '-[Segment_Tests.Waiting_Tests testWaitingPluginState]' passed (0.324 seconds).
Test Suite 'Waiting_Tests' passed at 2026-03-04 10:24:41.938.
	 Executed 9 tests, with 0 failures (0 unexpected) in 6.550 (6.551) seconds
Test Suite 'SegmentPackageTests.xctest' failed at 2026-03-04 10:24:41.938.
	 Executed 120 tests, with 1 failure (0 unexpected) in 264.793 (264.800) seconds
Test Suite 'All tests' failed at 2026-03-04 10:24:41.938.
	 Executed 120 tests, with 1 failure (0 unexpected) in 264.793 (264.804) seconds
EVENT: Test1
EVENT: Test2
EVENT: Test3
EVENT: Deep Link Opened
EVENT: token check
EVENT: Deep Link Opened
EVENT: token check
EVENT: sampleEvent
EVENT: sampleEvent
EVENT: token check
EVENT: enabled
EVENT: enabled
source enrichment applied
destination enrichment applied
EVENT: something
EVENT: test track
EVENT: test track
EVENT: Deep Link Opened
EVENT: Deep Link Opened
EVENT: something
EVENT: enrichment check pre startup
EVENT: enrichment check
EVENT: test track
EVENT: test
EVENT: whataversion
{
  "uuid" : "D8C62389-30B5-414E-8AF0-6B64B4CC522F",
  "strEnum" : "test2",
  "intEnum" : 1,
  "struct" : {
    "a" : 47,
    "b" : "hello",
    "c" : {
      "x" : 23
    }
  }
}
value = Optional(1)
value = Optional(1)
value = Optional(1)
value = [Optional(1), Optional(2), ["AKey1": 11]]
value = Optional(2)
value = Optional(3)
EVENT: test
source enrichment applied
destination enrichment applied
547
888
flush completed
547
901
flush completed
500000 events written, across 30 queues.
all queues finished.
queue 3 wrote 10000 events.
queue 4 wrote 10000 events.
queue 1 wrote 10000 events.
queue 2 wrote 10000 events.
flushed 46580 times.
queue 1 wrote 10000 events.
queue 2 wrote 10000 events.
flushed 51289 times.
✅ Async append test passed - no race condition detected
✅ High volume test passed - no race condition detected
✅ Synchronous mode test passed - no race condition possible
Generated UserAgent: Mozilla/5.0 (Macintosh; Intel Mac OS X 10_15_7) AppleWebKit/605.1.15 (KHTML, like Gecko)
SlowWaitingPlugin.update() called with type: initial
SlowWaitingPlugin.update() called with type: refresh
State updated running: false
State updated running: false
State updated running: true
State updated running: true
State updated running: true
State updated running: true
State updated running: true
State updated running: true
State updated running: true
State updated running: true
State updated running: true
State updated running: true
State updated running: true
State updated running: true
State updated running: false
State updated running: false
State updated running: false
State updated running: false
State updated running: true
State updated running: false
State updated running: false
State updated running: false
State updated running: false
State updated running: false
State updated running: false
State updated running: false
State updated running: false
State updated running: false
State updated running: false
State updated running: false
State updated running: false
State updated running: false
State updated running: false
State updated running: false
State updated running: true
SlowWaitingPlugin.update() called with type: initial
SlowWaitingPlugin.update() called with type: initial
SlowWaitingPlugin.update() called with type: initial
Added plugin1
Added plugin2
◇ Test run started.
↳ Testing Library Version: 124.4
↳ Target Platform: arm64e-apple-macos14.0
✔ Test run with 0 tests passed after 0.001 seconds.
